*** Using Compiler 'V5.06 update 5 (build 528)', folder: 'E:\keil5\ARM\ARMCC\Bin'
Rebuild target 'fly1.0'
assembling startup_stm32f407xx.s...
compiling bmi088.c...
compiling imu_bmi088_bus.c...
compiling bmi08g.c...
compiling fusion_mahony.c...
compiling bmi08a.c...
compiling imu_bmi088_frontend.c...
compiling mixer.c...
compiling sbus.c...
compiling gpio.c...
compiling ringbuf_spsc.c...
compiling log_uart.c...
compiling timebase.c...
compiling motors.c...
compiling sync_pair.c...
compiling ms5611.c...
compiling pipeline.c...
compiling imu_bus_hal.c...
compiling autocal.c...
compiling imu_bringup.c...
compiling main.c...
../Core/Src/main.c(344): warning:  #177-D: function "vofa_send_att_csv"  was declared but never referenced
  static void vofa_send_att_csv(float roll_deg, float pitch_deg, float yaw_deg)
../Core/Src/main.c: 1 warning, 0 errors
compiling stm32f4xx_it.c...
compiling dma.c...
compiling stm32f4xx_hal_flash_ramfunc.c...
compiling stm32f4xx_hal_msp.c...
compiling stm32f4xx_hal_gpio.c...
compiling stm32f4xx_hal_flash_ex.c...
compiling usart.c...
compiling stm32f4xx_hal_rcc_ex.c...
compiling spi.c...
compiling tim.c...
compiling stm32f4xx_hal_rcc.c...
compiling stm32f4xx_hal_flash.c...
compiling stm32f4xx_hal_spi.c...
compiling fc_time.c...
compiling fc_rc.c...
compiling fc_att.c...
compiling stm32f4xx_hal_pwr_ex.c...
compiling stm32f4xx_hal_dma.c...
compiling stm32f4xx_hal_pwr.c...
compiling stm32f4xx_hal_cortex.c...
compiling fc_air.c...
compiling stm32f4xx_hal_exti.c...
compiling stm32f4xx_hal.c...
compiling fc_arm.c...
compiling fc_fs.c...
compiling system_stm32f4xx.c...
compiling fc_throttle.c...
compiling fc_control.c...
compiling stm32f4xx_hal_tim_ex.c...
compiling fc_baro.c...
compiling stm32f4xx_hal_dma_ex.c...
compiling fc_core.c...
..\FlightController\fc_core\fc_core.c(127): warning:  #177-D: function "fc_motor_tool_write_all"  was declared but never referenced
  static void fc_motor_tool_write_all(float x)
..\FlightController\fc_core\fc_core.c(134): warning:  #177-D: function "fc_motor_tool_write_one"  was declared but never referenced
  static void fc_motor_tool_write_one(uint8_t sel, float x)
..\FlightController\fc_core\fc_core.c(150): warning:  #177-D: function "fc_motor_tool_combo"  was declared but never referenced
  static uint8_t fc_motor_tool_combo(void)
..\FlightController\fc_core\fc_core.c: 3 warnings, 0 errors
compiling fc_angle.c...
compiling fc_mode.c...
compiling fc_rate.c...
compiling stm32f4xx_hal_uart.c...
compiling fc_mixer_out.c...
compiling fc_alt_hold.c...
compiling stm32f4xx_hal_tim.c...
compiling fc_evt.c...
compiling fc_log.c...
compiling fc_yaw.c...
linking...
Program Size: Code=55448 RO-data=8184 RW-data=448 ZI-data=9688  
FromELF: creating hex file...
"fly1.0\fly1.0" - 0 Error(s), 4 Warning(s).
Build Time Elapsed:  00:00:14
